   Compiling wustite v0.1.0 (/home/entity27th/Wustite)
warning: unreachable statement
  --> src/wvm/callables.rs:80:9
   |
78 |         return self.execute_function(function, arguments);
   |         ------------------------------------------------- any code following this expression is unreachable
79 |
80 |         let id = caller.id();
   |         ^^^^^^^^^^^^^^^^^^^^^ unreachable statement
   |
   = note: `#[warn(unreachable_code)]` (part of `#[warn(unused)]`) on by default

warning: unused variable: `runtime`
  --> src/wvm/callables.rs:70:9
   |
70 |         runtime: &mut FunctionRuntime,
   |         ^^^^^^^ help: if this is intentional, prefix it with an underscore: `_runtime`
   |
   = note: `#[warn(unused_variables)]` (part of `#[warn(unused)]`) on by default

warning: `wustite` (lib) generated 2 warnings (run `cargo fix --lib -p wustite` to apply 1 suggestion)
    Finished `test` profile [unoptimized + debuginfo] target(s) in 0.70s
     Running tests/call_depth.rs (target/debug/deps/call_depth-d17fe2492ef3aea1)

running 1 test

thread 'same_function_nested_activations_preserve_runtime_profile_updates' (66430) panicked at tests/call_depth.rs:82:5:
assertion failed: runtime.profile_for(&executable).unwrap().entry_count(wustite::structure_map::RegionId(0))
    > 2
note: run with `RUST_BACKTRACE=1` environment variable to display a backtrace
test same_function_nested_activations_preserve_runtime_profile_updates ... FAILED

failures:

failures:
    same_function_nested_activations_preserve_runtime_profile_updates

test result: FAILED. 0 passed; 1 failed; 0 ignored; 0 measured; 2 filtered out; finished in 0.00s

error: test failed, to rerun pass `--test call_depth`
