    Finished `test` profile [unoptimized + debuginfo] target(s) in 0.09s
     Running unittests src/lib.rs (target/debug/deps/wustite-3e2fb775a82db8bc)

running 1 test
test wvm::arithmetic::tests::smallint_add_promotes_both_overflow_directions ... ok

test result: ok. 1 passed; 0 failed; 0 ignored; 0 measured; 8 filtered out; finished in 0.00s

     Running unittests src/main.rs (target/debug/deps/wustite-d151043baad48140)

running 0 tests

test result: ok. 0 passed; 0 failed; 0 ignored; 0 measured; 0 filtered out; finished in 0.00s

     Running tests/call_depth.rs (target/debug/deps/call_depth-d17fe2492ef3aea1)

running 0 tests

test result: ok. 0 passed; 0 failed; 0 ignored; 0 measured; 3 filtered out; finished in 0.00s

     Running tests/cli.rs (target/debug/deps/cli-113a2042a94dea91)

running 0 tests

test result: ok. 0 passed; 0 failed; 0 ignored; 0 measured; 10 filtered out; finished in 0.00s

     Running tests/jit_add.rs (target/debug/deps/jit_add-ec6b78110b857757)

running 0 tests

test result: ok. 0 passed; 0 failed; 0 ignored; 0 measured; 1 filtered out; finished in 0.00s

     Running tests/jit_region.rs (target/debug/deps/jit_region-bada7b9857e513c2)

running 0 tests

test result: ok. 0 passed; 0 failed; 0 ignored; 0 measured; 8 filtered out; finished in 0.00s

     Running tests/metrics.rs (target/debug/deps/metrics-e651b16e4577dca9)

running 0 tests

test result: ok. 0 passed; 0 failed; 0 ignored; 0 measured; 1 filtered out; finished in 0.00s

     Running tests/numeric_semantics.rs (target/debug/deps/numeric_semantics-f732bad7517c4d58)

running 0 tests

test result: ok. 0 passed; 0 failed; 0 ignored; 0 measured; 11 filtered out; finished in 0.00s

     Running tests/object_heap.rs (target/debug/deps/object_heap-a4c32b12ce6004e9)

running 0 tests

test result: ok. 0 passed; 0 failed; 0 ignored; 0 measured; 4 filtered out; finished in 0.00s

     Running tests/object_invariants.rs (target/debug/deps/object_invariants-0072316a9bab0e16)

running 0 tests

test result: ok. 0 passed; 0 failed; 0 ignored; 0 measured; 6 filtered out; finished in 0.00s

     Running tests/python_frontend.rs (target/debug/deps/python_frontend-98fbd598d25c0a61)

running 0 tests

test result: ok. 0 passed; 0 failed; 0 ignored; 0 measured; 3 filtered out; finished in 0.00s

     Running tests/python_function_identity.rs (target/debug/deps/python_function_identity-5131590458145d7a)

running 0 tests

test result: ok. 0 passed; 0 failed; 0 ignored; 0 measured; 4 filtered out; finished in 0.00s

     Running tests/python_rich_values.rs (target/debug/deps/python_rich_values-20f66da074700519)

running 0 tests

test result: ok. 0 passed; 0 failed; 0 ignored; 0 measured; 10 filtered out; finished in 0.00s

     Running tests/rich_values.rs (target/debug/deps/rich_values-9332076efa859e61)

running 0 tests

test result: ok. 0 passed; 0 failed; 0 ignored; 0 measured; 7 filtered out; finished in 0.00s

     Running tests/runtime_api.rs (target/debug/deps/runtime_api-6a013e4e3c292a80)

running 0 tests

test result: ok. 0 passed; 0 failed; 0 ignored; 0 measured; 11 filtered out; finished in 0.00s

     Running tests/static_quickening.rs (target/debug/deps/static_quickening-5ffc302fef93ba7d)

running 0 tests

test result: ok. 0 passed; 0 failed; 0 ignored; 0 measured; 3 filtered out; finished in 0.00s

     Running tests/verifier_initialization.rs (target/debug/deps/verifier_initialization-fe01e77df62b84d6)

running 0 tests

test result: ok. 0 passed; 0 failed; 0 ignored; 0 measured; 7 filtered out; finished in 0.00s

     Running tests/vm_sum.rs (target/debug/deps/vm_sum-2ae220d94879054f)

running 0 tests

test result: ok. 0 passed; 0 failed; 0 ignored; 0 measured; 10 filtered out; finished in 0.00s

     Running tests/wxir.rs (target/debug/deps/wxir-f982ac1f42dc8091)

running 0 tests

test result: ok. 0 passed; 0 failed; 0 ignored; 0 measured; 12 filtered out; finished in 0.00s

     Running tests/wxir_builder.rs (target/debug/deps/wxir_builder-ade022476392b577)

running 0 tests

test result: ok. 0 passed; 0 failed; 0 ignored; 0 measured; 2 filtered out; finished in 0.00s

