    Finished `test` profile [unoptimized + debuginfo] target(s) in 0.11s
     Running tests/static_quickening.rs (target/debug/deps/static_quickening-5ffc302fef93ba7d)

running 3 tests
test unknown_unsupported_and_runtime_mismatch_use_semantic_behavior ... ok
test exact_add_and_lt_execute_without_mutating_semantic_bytecode ... ok
test semantic_jit_replay_promotes_then_falls_back_for_bigint ... ok

test result: ok. 3 passed; 0 failed; 0 ignored; 0 measured; 0 filtered out; finished in 0.01s

    Finished `test` profile [unoptimized + debuginfo] target(s) in 0.09s
     Running tests/call_depth.rs (target/debug/deps/call_depth-d17fe2492ef3aea1)

running 3 tests
test direct_guest_recursion_returns_an_execution_error_at_the_call_depth_limit ... ok
test finite_nested_guest_calls_succeed_after_a_depth_limit_error ... ok
test same_function_nested_activations_preserve_runtime_profile_updates ... ok

test result: ok. 3 passed; 0 failed; 0 ignored; 0 measured; 0 filtered out; finished in 0.01s

    Finished `test` profile [unoptimized + debuginfo] target(s) in 0.08s
     Running tests/jit_region.rs (target/debug/deps/jit_region-bada7b9857e513c2)

running 8 tests
test backend_rejects_unsupported_f64_state ... ok
test high_threshold_keeps_sum_interpreter_only ... ok
test invalid_region_metadata_is_disabled_after_one_attempt ... ok
test vm_replays_synthetic_overflow_exit_in_interpreter ... ok
test compiled_overflow_exits_before_updating_destination ... ok
test vm_automatically_tiers_up_sum_once ... ok
test vm_suppresses_cached_region_for_object_entry_without_disabling_it ... ok
test compiled_sum_region_restores_live_state_and_resume_pc ... ok

test result: ok. 8 passed; 0 failed; 0 ignored; 0 measured; 0 filtered out; finished in 0.01s

    Finished `test` profile [unoptimized + debuginfo] target(s) in 0.09s
     Running unittests src/lib.rs (target/debug/deps/wustite-3e2fb775a82db8bc)

running 9 tests
test wvm::quickening::tests::quick_code_builds_only_exact_add_and_lt ... ok
test wvm::quickening::tests::quick_code_preserves_unknown_mismatched_and_unsupported_sites ... ok
test wvm::arithmetic::tests::smallint_add_returns_immediate_when_in_range ... ok
test wvm::arithmetic::tests::smallint_add_promotes_both_overflow_directions ... ok
test wvm::equality::tests::identical_stale_object_references_are_validated_before_equality ... ok
test wvm::tests::quick_code_runtime_identity ... ok
test wvm::quickening::tests::quick_execution_handles_exact_smallints_and_aliases ... ok
test wvm::tests::invalid_executable_builds_no_quick_runtime ... ok
test wvm::quickening::tests::quick_execution_guard_miss_is_side_effect_free ... ok

test result: ok. 9 passed; 0 failed; 0 ignored; 0 measured; 0 filtered out; finished in 0.00s

     Running unittests src/main.rs (target/debug/deps/wustite-d151043baad48140)

running 0 tests

test result: ok. 0 passed; 0 failed; 0 ignored; 0 measured; 0 filtered out; finished in 0.00s

     Running tests/call_depth.rs (target/debug/deps/call_depth-d17fe2492ef3aea1)

running 3 tests
test direct_guest_recursion_returns_an_execution_error_at_the_call_depth_limit ... ok
test finite_nested_guest_calls_succeed_after_a_depth_limit_error ... ok
test same_function_nested_activations_preserve_runtime_profile_updates ... ok

test result: ok. 3 passed; 0 failed; 0 ignored; 0 measured; 0 filtered out; finished in 0.01s

     Running tests/cli.rs (target/debug/deps/cli-113a2042a94dea91)

running 10 tests
test run_passes_typed_arguments_to_the_selected_function ... ok
test inspect_json_contains_the_same_structured_metadata ... ok
test inspect_human_output_uses_runtime_metadata ... ok
test basic_run_prints_only_the_result ... ok
test interpreter_mode_never_tiers_up ... ok
test help_describes_commands_and_options ... ok
test json_run_is_one_typed_document_with_jit_snapshots ... ok
test repeated_run_reuses_compiled_region_and_traces_to_stderr ... ok
test operational_and_usage_errors_use_the_expected_streams_and_codes ... ok
test run_parses_rich_scalar_and_object_arguments_from_function_metadata ... ok

test result: ok. 10 passed; 0 failed; 0 ignored; 0 measured; 0 filtered out; finished in 0.02s

     Running tests/jit_add.rs (target/debug/deps/jit_add-ec6b78110b857757)

running 1 test
test jit_compiles_and_executes_add ... ok

test result: ok. 1 passed; 0 failed; 0 ignored; 0 measured; 0 filtered out; finished in 0.00s

     Running tests/jit_region.rs (target/debug/deps/jit_region-bada7b9857e513c2)

running 8 tests
test backend_rejects_unsupported_f64_state ... ok
test high_threshold_keeps_sum_interpreter_only ... ok
test invalid_region_metadata_is_disabled_after_one_attempt ... ok
test vm_replays_synthetic_overflow_exit_in_interpreter ... ok
test vm_automatically_tiers_up_sum_once ... ok
test compiled_overflow_exits_before_updating_destination ... ok
test vm_suppresses_cached_region_for_object_entry_without_disabling_it ... ok
test compiled_sum_region_restores_live_state_and_resume_pc ... ok

test result: ok. 8 passed; 0 failed; 0 ignored; 0 measured; 0 filtered out; finished in 0.01s

     Running tests/metrics.rs (target/debug/deps/metrics-e651b16e4577dca9)

running 1 test
test measured_execution_preserves_jit_reuse ... ok

test result: ok. 1 passed; 0 failed; 0 ignored; 0 measured; 0 filtered out; finished in 0.01s

     Running tests/numeric_semantics.rs (target/debug/deps/numeric_semantics-f732bad7517c4d58)

running 11 tests
test huge_bigint_divided_by_itself_is_one ... ok
test huge_bigint_divided_by_one_returns_a_controlled_error ... ok
test mixed_smallint_and_float_equality_is_exact_beyond_f64_integer_precision ... ok
test huge_bigint_plus_float_returns_a_controlled_error ... ok
test mixed_bigint_and_float_equality_is_exact_beyond_f64_integer_precision ... ok
test nan_is_not_equal_to_itself ... ok
test mixed_bigint_and_float_ordering_is_exact_beyond_f64_integer_precision ... ok
test numeric_semantics_cycles::distinct_self_referential_dicts_compare_without_recursing_forever ... ok
test numeric_semantics_cycles::distinct_self_referential_lists_compare_without_recursing_forever ... ok
test nan_ordering_returns_a_controlled_error ... ok
test numerically_distinct_bigint_and_float_remain_distinct_dict_keys ... ok

test result: ok. 11 passed; 0 failed; 0 ignored; 0 measured; 0 filtered out; finished in 0.00s

     Running tests/object_heap.rs (target/debug/deps/object_heap-a4c32b12ce6004e9)

running 4 tests
test allocation_returns_a_readable_handle_and_kind ... ok
test handles_cannot_be_used_with_a_different_heap ... ok
test object_kinds_and_containers_preserve_nested_references ... ok
test stale_handles_are_rejected_after_remove_and_slot_reuse ... ok

test result: ok. 4 passed; 0 failed; 0 ignored; 0 measured; 0 filtered out; finished in 0.00s

     Running tests/object_invariants.rs (target/debug/deps/object_invariants-0072316a9bab0e16)

running 6 tests
test containers_reject_foreign_and_stale_nested_references ... ok
test containers_reject_uninitialized_values_and_unhashable_dictionary_keys ... ok
test host_dictionary_handles_exact_mixed_numeric_keys ... ok
test host_dictionary_rejects_equivalent_string_object_keys ... ok
test runtime_rejects_host_created_dictionaries_before_runtime_normalization ... ok
test bigint_sequence_indices_support_negative_indexing_and_range_errors ... ok

test result: ok. 6 passed; 0 failed; 0 ignored; 0 measured; 0 filtered out; finished in 0.00s

     Running tests/python_frontend.rs (target/debug/deps/python_frontend-98fbd598d25c0a61)

running 3 tests
test move_copies_values_and_verifier_checks_both_registers ... ok
test frontend_rejects_unsupported_or_unsafe_loop_syntax_with_locations ... ok
test python_sum_compiles_and_runs_in_both_wvm_tiers ... ok

test result: ok. 3 passed; 0 failed; 0 ignored; 0 measured; 0 filtered out; finished in 0.01s

     Running tests/python_function_identity.rs (target/debug/deps/python_function_identity-5131590458145d7a)

running 4 tests
test function_reference_cycles_remain_rejected ... ok
test later_local_assignment_blocks_top_level_function_resolution ... ok
test repeated_top_level_helper_references_share_identity_and_remain_callable ... ok
test initialized_parameters_and_locals_shadow_top_level_function_names ... ok

test result: ok. 4 passed; 0 failed; 0 ignored; 0 measured; 0 filtered out; finished in 0.00s

     Running tests/python_rich_values.rs (target/debug/deps/python_rich_values-20f66da074700519)

running 10 tests
test integers_beyond_i64_return_a_big_integer_object_in_interpreter_mode ... ok
test tuple_literals_support_indexing_in_interpreter_mode ... ok
test boolean_not_and_and_return_a_boolean_in_interpreter_mode ... ok
test bigint_annotations_accept_heap_objects_through_the_execution_abi ... ok
test integer_division_returns_float_and_records_float_result_metadata ... ok
test float_arithmetic_returns_a_float_in_interpreter_mode ... ok
test list_literals_support_len_through_typed_arguments_in_interpreter_mode ... ok
test dictionary_literals_support_indexing_through_typed_arguments_in_interpreter_mode ... ok
test string_values_round_trip_through_a_typed_argument_in_interpreter_mode ... ok
test closureless_function_values_can_be_called_through_typed_arguments_in_interpreter_mode ... ok

test result: ok. 10 passed; 0 failed; 0 ignored; 0 measured; 0 filtered out; finished in 0.00s

     Running tests/rich_values.rs (target/debug/deps/rich_values-9332076efa859e61)

running 7 tests
test list_mutation_and_length_are_visible_through_the_same_heap_object ... ok
test float_arithmetic_and_negation_preserve_float_values ... ok
test boolean_and_comparison_operations_produce_boolean_values ... ok
test smallint_overflow_promotes_to_bigint_for_following_arithmetic ... ok
test dict_mutation_indexing_and_length_share_one_dictionary ... ok
test string_constants_are_heap_objects_with_a_length ... ok
test tuple_construction_and_indexing_return_the_selected_item ... ok

test result: ok. 7 passed; 0 failed; 0 ignored; 0 measured; 0 filtered out; finished in 0.00s

     Running tests/runtime_api.rs (target/debug/deps/runtime_api-6a013e4e3c292a80)

running 11 tests
test runtime_value_conversion_rejects_uninitialized_values ... ok
test execution_abi_rejects_wrong_argument_type ... ok
test execution_abi_rejects_wrong_arity ... ok
test run_function_with_args_accepts_boolean_parameters ... ok
test typed_positional_arguments_cross_the_execution_abi ... ok
test inspect_is_deterministic_and_has_no_runtime_side_effects ... ok
test repeated_execute_and_clone_reuse_native_region ... ok
test function_arguments_remain_live_across_native_region_execution ... ok
test errors_preserve_frontend_locations_and_cached_executables ... ok
test run_function_and_interpreter_mode_return_sum ... ok
test different_executables_keep_independent_persistent_runtimes ... ok

test result: ok. 11 passed; 0 failed; 0 ignored; 0 measured; 0 filtered out; finished in 0.01s

     Running tests/static_quickening.rs (target/debug/deps/static_quickening-5ffc302fef93ba7d)

running 3 tests
test unknown_unsupported_and_runtime_mismatch_use_semantic_behavior ... ok
test exact_add_and_lt_execute_without_mutating_semantic_bytecode ... ok
test semantic_jit_replay_promotes_then_falls_back_for_bigint ... ok

test result: ok. 3 passed; 0 failed; 0 ignored; 0 measured; 0 filtered out; finished in 0.01s

     Running tests/verifier_initialization.rs (target/debug/deps/verifier_initialization-fe01e77df62b84d6)

running 7 tests
test verifier_intersects_assignments_at_branch_join ... ok
test verifier_rejects_excessive_register_count ... ok
test verifier_rejects_build_list_item_from_unwritten_register ... ok
test verifier_rejects_reachable_fallthrough_without_return ... ok
test verifier_intersects_loop_entry_with_backedge_assignments ... ok
test verifier_rejects_return_from_unwritten_register ... ok
test verifier_treats_parameter_registers_as_initially_assigned ... ok

test result: ok. 7 passed; 0 failed; 0 ignored; 0 measured; 0 filtered out; finished in 0.00s

     Running tests/vm_sum.rs (target/debug/deps/vm_sum-2ae220d94879054f)

running 10 tests
test verifier_rejects_duplicate_exit_targets ... ok
test verifier_rejects_duplicate_loop_headers ... ok
test verifier_rejects_invalid_jump_target ... ok
test verifier_rejects_invalid_loop_metadata ... ok
test verifier_rejects_invalid_register ... ok
test sum_one_to_one_hundred ... ok
test clone_preserves_identity_and_reuses_runtime ... ok
test invalid_executable_does_not_disturb_a_cached_runtime ... ok
test a_b_a_reuses_each_executables_compiled_runtime ... ok
test executable_revisions_have_independent_identity_and_runtime_state ... ok

test result: ok. 10 passed; 0 failed; 0 ignored; 0 measured; 0 filtered out; finished in 0.01s

     Running tests/wxir.rs (target/debug/deps/wxir-f982ac1f42dc8091)

running 12 tests
test duplicate_side_exit_register_is_rejected ... ok
test duplicate_value_id_is_rejected ... ok
test block_argument_type_mismatch_is_rejected ... ok
test guard_rejects_region_exit_metadata ... ok
test invalid_checked_integer_result_signature_is_rejected ... ok
test non_boolean_branch_condition_is_rejected ... ok
test invalid_guard_condition_is_rejected ... ok
test non_pointer_load_address_is_rejected ... ok
test replay_instruction_guard_is_valid ... ok
test side_exit_terminator_rejects_replay_metadata ... ok
test vector_masks_are_valid_but_pointer_lanes_are_rejected ... ok
test valid_function_verifies_and_prints ... ok

test result: ok. 12 passed; 0 failed; 0 ignored; 0 measured; 0 filtered out; finished in 0.00s

     Running tests/wxir_builder.rs (target/debug/deps/wxir_builder-ade022476392b577)

running 2 tests
test return_inside_region_is_rejected_without_panicking ... ok
test sum_region_lowers_to_verified_ssa ... ok

test result: ok. 2 passed; 0 failed; 0 ignored; 0 measured; 0 filtered out; finished in 0.00s

    Finished `test` profile [unoptimized + debuginfo] target(s) in 0.07s
     Running unittests src/lib.rs (target/miri/x86_64-unknown-linux-gnu/debug/build/wustite/d02afa48f7a7c91c/out/wustite-d02afa48f7a7c91c)

running 4 tests
test wvm::quickening::tests::quick_code_builds_only_exact_add_and_lt ... ok
test wvm::quickening::tests::quick_code_preserves_unknown_mismatched_and_unsupported_sites ... ok
test wvm::quickening::tests::quick_execution_guard_miss_is_side_effect_free ... ok
test wvm::quickening::tests::quick_execution_handles_exact_smallints_and_aliases ... ok

test result: ok. 4 passed; 0 failed; 0 ignored; 0 measured; 5 filtered out; finished in 0.71s

    Finished `test` profile [unoptimized + debuginfo] target(s) in 0.08s
     Running tests/static_quickening.rs (target/miri/x86_64-unknown-linux-gnu/debug/build/wustite/951abf8a9563db01/out/static_quickening-951abf8a9563db01)

running 3 tests
test exact_add_and_lt_execute_without_mutating_semantic_bytecode ... ok
test semantic_jit_replay_promotes_then_falls_back_for_bigint ... ignored
test unknown_unsupported_and_runtime_mismatch_use_semantic_behavior ... ok

test result: ok. 2 passed; 0 failed; 1 ignored; 0 measured; 0 filtered out; finished in 0.99s

