   Compiling wustite v0.1.0 (/home/entity27th/Wustite)
error[E0432]: unresolved imports `wustite::bytecode::BooleanOperator`, `wustite::bytecode::UnaryOperator`
 --> tests/rich_values.rs:2:21
  |
2 |     BinaryOperator, BooleanOperator, CompareOperator, Function, Instruction, UnaryOperator,
  |                     ^^^^^^^^^^^^^^^ no `BooleanOperator` in `bytecode`       ^^^^^^^^^^^^^ no `UnaryOperator` in `bytecode`
  |
help: a similar name exists in the module
  |
2 -     BinaryOperator, BooleanOperator, CompareOperator, Function, Instruction, UnaryOperator,
2 +     BinaryOperator, BooleanOperator, CompareOperator, Function, Instruction, BinaryOperator,
  |

error[E0432]: unresolved imports `wustite::executable::ConstantId`, `wustite::executable::ExecutableConstant`
 --> tests/rich_values.rs:4:27
  |
4 | use wustite::executable::{ConstantId, ExecutableConstant, ExecutableFunction};
  |                           ^^^^^^^^^^  ^^^^^^^^^^^^^^^^^^ no `ExecutableConstant` in `executable`
  |                           |
  |                           no `ConstantId` in `executable`
  |
help: a similar name exists in the module
  |
4 - use wustite::executable::{ConstantId, ExecutableConstant, ExecutableFunction};
4 + use wustite::executable::{ConstantId, ExecutableFunction, ExecutableFunction};
  |

error[E0432]: unresolved import `wustite::value::Object`
 --> tests/rich_values.rs:6:22
  |
6 | use wustite::value::{Object, Value};
  |                      ^^^^^^ no `Object` in `value`

error[E0599]: no associated function or constant named `new_with_abi` found for struct `ExecutableFunction` in the current scope
  --> tests/rich_values.rs:28:25
   |
28 |     ExecutableFunction::new_with_abi(
   |                         ^^^^^^^^^^^^ associated function or constant not found in `ExecutableFunction`
   |
note: if you're trying to build a new `ExecutableFunction` consider using one of the following associated functions:
      ExecutableFunction::new
      ExecutableFunction::new_with_parameters
  --> src/executable.rs:33:5
   |
33 |       pub fn new(bytecode: Function, structure_map: StructureMap) -> Self {
   |       ^^^^^^^^^^^^^^^^^^^^^^^^^^^^^^^^^^^^^^^^^^^^^^^^^^^^^^^^^^^^^^^^^^^
...
38 | /     pub fn new_with_parameters(
39 | |         bytecode: Function,
40 | |         structure_map: StructureMap,
41 | |         parameters: Vec<ExecutableParameter>,
42 | |     ) -> Self {
   | |_____________^

error[E0599]: no variant named `ConstFloat` found for enum `Instruction`
  --> tests/rich_values.rs:48:26
   |
48 |             Instruction::ConstFloat { dst: 0, value: 9.0 },
   |                          ^^^^^^^^^^ variant not found in `Instruction`

error[E0599]: no variant named `ConstFloat` found for enum `Instruction`
  --> tests/rich_values.rs:49:26
   |
49 |             Instruction::ConstFloat { dst: 1, value: 3.0 },
   |                          ^^^^^^^^^^ variant not found in `Instruction`

error[E0599]: no variant named `ConstFloat` found for enum `Instruction`
  --> tests/rich_values.rs:50:26
   |
50 |             Instruction::ConstFloat { dst: 2, value: 2.0 },
   |                          ^^^^^^^^^^ variant not found in `Instruction`

error[E0599]: no variant named `ConstFloat` found for enum `Instruction`
  --> tests/rich_values.rs:51:26
   |
51 |             Instruction::ConstFloat { dst: 3, value: 5.0 },
   |                          ^^^^^^^^^^ variant not found in `Instruction`

error[E0599]: no variant, associated function, or constant named `Divide` found for enum `BinaryOperator` in the current scope
  --> tests/rich_values.rs:54:37
   |
54 |                 op: BinaryOperator::Divide,
   |                                     ^^^^^^ variant, associated function, or constant not found in `BinaryOperator`

error[E0599]: no variant, associated function, or constant named `Multiply` found for enum `BinaryOperator` in the current scope
  --> tests/rich_values.rs:61:37
   |
61 |                 op: BinaryOperator::Multiply,
   |                                     ^^^^^^^^ variant, associated function, or constant not found in `BinaryOperator`

error[E0599]: no variant, associated function, or constant named `Subtract` found for enum `BinaryOperator` in the current scope
  --> tests/rich_values.rs:68:37
   |
68 |                 op: BinaryOperator::Subtract,
   |                                     ^^^^^^^^ variant, associated function, or constant not found in `BinaryOperator`

error[E0599]: no variant named `UnaryOp` found for enum `Instruction`
  --> tests/rich_values.rs:80:26
   |
80 |             Instruction::UnaryOp {
   |                          ^^^^^^^
   |
help: there is a variant with a similar name
   |
80 -             Instruction::UnaryOp {
80 +             Instruction::BinaryOp {
   |

error[E0599]: no variant, associated function, or constant named `Float` found for enum `Value` in the current scope
  --> tests/rich_values.rs:94:30
   |
94 |     assert_eq!(value, Value::Float(-4.0));
   |                              ^^^^^ variant, associated function, or constant not found in `Value`

error[E0599]: no variant named `ConstSmallInt` found for enum `Instruction`
   --> tests/rich_values.rs:103:26
    |
103 |             Instruction::ConstSmallInt { dst: 0, value: 3 },
    |                          ^^^^^^^^^^^^^ variant not found in `Instruction`

error[E0599]: no variant named `ConstSmallInt` found for enum `Instruction`
   --> tests/rich_values.rs:104:26
    |
104 |             Instruction::ConstSmallInt { dst: 1, value: 5 },
    |                          ^^^^^^^^^^^^^ variant not found in `Instruction`

error[E0599]: no variant named `ConstBool` found for enum `Instruction`
   --> tests/rich_values.rs:105:26
    |
105 |             Instruction::ConstBool {
    |                          ^^^^^^^^^ variant not found in `Instruction`

error[E0599]: no variant named `ConstBool` found for enum `Instruction`
   --> tests/rich_values.rs:109:26
    |
109 |             Instruction::ConstBool {
    |                          ^^^^^^^^^ variant not found in `Instruction`

error[E0599]: no variant, associated function, or constant named `Eq` found for enum `CompareOperator` in the current scope
   --> tests/rich_values.rs:115:38
    |
115 |                 op: CompareOperator::Eq,
    |                                      ^^ variant, associated function, or constant not found in `CompareOperator`
    |
help: there is a method `eq` with a similar name
   --> /home/entity27th/.rustup/toolchains/stable-x86_64-unknown-linux-gnu/lib/rustlib/src/rust/library/core/src/cmp.rs:255:5
    |
255 |     fn eq(&self, other: &Rhs) -> bool;
    |     ^^^^^^^^^^^^^^^^^^^^^^^^^^^^^^^^^^

error[E0599]: no variant, associated function, or constant named `NotEq` found for enum `CompareOperator` in the current scope
   --> tests/rich_values.rs:122:38
    |
122 |                 op: CompareOperator::NotEq,
    |                                      ^^^^^ variant, associated function, or constant not found in `CompareOperator`

error[E0599]: no variant, associated function, or constant named `Le` found for enum `CompareOperator` in the current scope
   --> tests/rich_values.rs:136:38
    |
136 |                 op: CompareOperator::Le,
    |                                      ^^ variant, associated function, or constant not found in `CompareOperator`
    |
help: there is a method `ne` with a similar name
   --> /home/entity27th/.rustup/toolchains/stable-x86_64-unknown-linux-gnu/lib/rustlib/src/rust/library/core/src/cmp.rs:263:5
    |
263 |     fn ne(&self, other: &Rhs) -> bool {
    |     ^^^^^^^^^^^^^^^^^^^^^^^^^^^^^^^^^
help: there is a variant with a similar name
    |
136 -                 op: CompareOperator::Le,
136 +                 op: CompareOperator::Lt,
    |

error[E0599]: no variant, associated function, or constant named `Gt` found for enum `CompareOperator` in the current scope
   --> tests/rich_values.rs:143:38
    |
143 |                 op: CompareOperator::Gt,
    |                                      ^^ variant, associated function, or constant not found in `CompareOperator`
    |
help: there is a variant with a similar name
    |
143 -                 op: CompareOperator::Gt,
143 +                 op: CompareOperator::Lt,
    |

error[E0599]: no variant, associated function, or constant named `Ge` found for enum `CompareOperator` in the current scope
   --> tests/rich_values.rs:150:38
    |
150 |                 op: CompareOperator::Ge,
    |                                      ^^ variant, associated function, or constant not found in `CompareOperator`
    |
help: there is a method `ne` with a similar name
   --> /home/entity27th/.rustup/toolchains/stable-x86_64-unknown-linux-gnu/lib/rustlib/src/rust/library/core/src/cmp.rs:263:5
    |
263 |     fn ne(&self, other: &Rhs) -> bool {
    |     ^^^^^^^^^^^^^^^^^^^^^^^^^^^^^^^^^

error[E0599]: no variant named `UnaryOp` found for enum `Instruction`
   --> tests/rich_values.rs:155:26
    |
155 |             Instruction::UnaryOp {
    |                          ^^^^^^^
    |
help: there is a variant with a similar name
    |
155 -             Instruction::UnaryOp {
155 +             Instruction::BinaryOp {
    |

error[E0599]: no variant named `BooleanOp` found for enum `Instruction`
   --> tests/rich_values.rs:160:26
    |
160 |             Instruction::BooleanOp {
    |                          ^^^^^^^^^ variant not found in `Instruction`

error[E0599]: no variant named `BooleanOp` found for enum `Instruction`
   --> tests/rich_values.rs:166:26
    |
166 |             Instruction::BooleanOp {
    |                          ^^^^^^^^^ variant not found in `Instruction`

error[E0599]: no variant named `BooleanOp` found for enum `Instruction`
   --> tests/rich_values.rs:172:26
    |
172 |             Instruction::BooleanOp {
    |                          ^^^^^^^^^ variant not found in `Instruction`

error[E0599]: no variant named `BooleanOp` found for enum `Instruction`
   --> tests/rich_values.rs:178:26
    |
178 |             Instruction::BooleanOp {
    |                          ^^^^^^^^^ variant not found in `Instruction`

error[E0599]: no variant named `BooleanOp` found for enum `Instruction`
   --> tests/rich_values.rs:184:26
    |
184 |             Instruction::BooleanOp {
    |                          ^^^^^^^^^ variant not found in `Instruction`

error[E0599]: no variant named `BooleanOp` found for enum `Instruction`
   --> tests/rich_values.rs:190:26
    |
190 |             Instruction::BooleanOp {
    |                          ^^^^^^^^^ variant not found in `Instruction`

error[E0599]: no variant named `LoadConstant` found for enum `Instruction`
   --> tests/rich_values.rs:214:26
    |
214 |             Instruction::LoadConstant {
    |                          ^^^^^^^^^^^^ variant not found in `Instruction`

error[E0599]: no variant named `Length` found for enum `Instruction`
   --> tests/rich_values.rs:218:26
    |
218 |             Instruction::Length { dst: 1, object: 0 },
    |                          ^^^^^^ variant not found in `Instruction`

error[E0599]: no variant, associated function, or constant named `SmallInt` found for enum `Value` in the current scope
   --> tests/rich_values.rs:229:30
    |
229 |     assert_eq!(value, Value::SmallInt(7));
    |                              ^^^^^^^^ variant, associated function, or constant not found in `Value`

error[E0599]: no variant named `ConstSmallInt` found for enum `Instruction`
   --> tests/rich_values.rs:238:26
    |
238 |             Instruction::ConstSmallInt { dst: 0, value: 10 },
    |                          ^^^^^^^^^^^^^ variant not found in `Instruction`

error[E0599]: no variant named `ConstSmallInt` found for enum `Instruction`
   --> tests/rich_values.rs:239:26
    |
239 |             Instruction::ConstSmallInt { dst: 1, value: 20 },
    |                          ^^^^^^^^^^^^^ variant not found in `Instruction`

error[E0599]: no variant named `ConstSmallInt` found for enum `Instruction`
   --> tests/rich_values.rs:240:26
    |
240 |             Instruction::ConstSmallInt { dst: 2, value: 30 },
    |                          ^^^^^^^^^^^^^ variant not found in `Instruction`

error[E0599]: no variant named `BuildTuple` found for enum `Instruction`
   --> tests/rich_values.rs:241:26
    |
241 |             Instruction::BuildTuple {
    |                          ^^^^^^^^^^ variant not found in `Instruction`

error[E0599]: no variant named `GetItem` found for enum `Instruction`
   --> tests/rich_values.rs:245:26
    |
245 |             Instruction::GetItem {
    |                          ^^^^^^^ variant not found in `Instruction`

error[E0599]: no variant, associated function, or constant named `SmallInt` found for enum `Value` in the current scope
   --> tests/rich_values.rs:259:30
    |
259 |     assert_eq!(value, Value::SmallInt(20));
    |                              ^^^^^^^^ variant, associated function, or constant not found in `Value`

error[E0599]: no variant named `ConstSmallInt` found for enum `Instruction`
   --> tests/rich_values.rs:268:26
    |
268 |             Instruction::ConstSmallInt { dst: 0, value: 1 },
    |                          ^^^^^^^^^^^^^ variant not found in `Instruction`

error[E0599]: no variant named `ConstSmallInt` found for enum `Instruction`
   --> tests/rich_values.rs:269:26
    |
269 |             Instruction::ConstSmallInt { dst: 1, value: 2 },
    |                          ^^^^^^^^^^^^^ variant not found in `Instruction`

error[E0599]: no variant named `ConstSmallInt` found for enum `Instruction`
   --> tests/rich_values.rs:270:26
    |
270 |             Instruction::ConstSmallInt { dst: 2, value: 3 },
    |                          ^^^^^^^^^^^^^ variant not found in `Instruction`

error[E0599]: no variant named `ConstSmallInt` found for enum `Instruction`
   --> tests/rich_values.rs:271:26
    |
271 |             Instruction::ConstSmallInt { dst: 3, value: 10 },
    |                          ^^^^^^^^^^^^^ variant not found in `Instruction`

error[E0599]: no variant named `BuildList` found for enum `Instruction`
   --> tests/rich_values.rs:272:26
    |
272 |             Instruction::BuildList {
    |                          ^^^^^^^^^ variant not found in `Instruction`

error[E0599]: no variant named `SetItem` found for enum `Instruction`
   --> tests/rich_values.rs:276:26
    |
276 |             Instruction::SetItem {
    |                          ^^^^^^^ variant not found in `Instruction`

error[E0599]: no variant named `GetItem` found for enum `Instruction`
   --> tests/rich_values.rs:281:26
    |
281 |             Instruction::GetItem {
    |                          ^^^^^^^ variant not found in `Instruction`

error[E0599]: no variant named `Length` found for enum `Instruction`
   --> tests/rich_values.rs:286:26
    |
286 |             Instruction::Length { dst: 6, object: 4 },
    |                          ^^^^^^ variant not found in `Instruction`

error[E0599]: no variant, associated function, or constant named `SmallInt` found for enum `Value` in the current scope
   --> tests/rich_values.rs:303:30
    |
303 |     assert_eq!(value, Value::SmallInt(13));
    |                              ^^^^^^^^ variant, associated function, or constant not found in `Value`

error[E0599]: no variant named `LoadConstant` found for enum `Instruction`
   --> tests/rich_values.rs:312:26
    |
312 |             Instruction::LoadConstant {
    |                          ^^^^^^^^^^^^ variant not found in `Instruction`

error[E0599]: no variant named `LoadConstant` found for enum `Instruction`
   --> tests/rich_values.rs:316:26
    |
316 |             Instruction::LoadConstant {
    |                          ^^^^^^^^^^^^ variant not found in `Instruction`

error[E0599]: no variant named `ConstSmallInt` found for enum `Instruction`
   --> tests/rich_values.rs:320:26
    |
320 |             Instruction::ConstSmallInt { dst: 2, value: 10 },
    |                          ^^^^^^^^^^^^^ variant not found in `Instruction`

error[E0599]: no variant named `ConstSmallInt` found for enum `Instruction`
   --> tests/rich_values.rs:321:26
    |
321 |             Instruction::ConstSmallInt { dst: 3, value: 20 },
    |                          ^^^^^^^^^^^^^ variant not found in `Instruction`

error[E0599]: no variant named `ConstSmallInt` found for enum `Instruction`
   --> tests/rich_values.rs:322:26
    |
322 |             Instruction::ConstSmallInt { dst: 4, value: 11 },
    |                          ^^^^^^^^^^^^^ variant not found in `Instruction`

error[E0599]: no variant named `BuildDict` found for enum `Instruction`
   --> tests/rich_values.rs:323:26
    |
323 |             Instruction::BuildDict {
    |                          ^^^^^^^^^ variant not found in `Instruction`

error[E0599]: no variant named `SetItem` found for enum `Instruction`
   --> tests/rich_values.rs:327:26
    |
327 |             Instruction::SetItem {
    |                          ^^^^^^^ variant not found in `Instruction`

error[E0599]: no variant named `GetItem` found for enum `Instruction`
   --> tests/rich_values.rs:332:26
    |
332 |             Instruction::GetItem {
    |                          ^^^^^^^ variant not found in `Instruction`

error[E0599]: no variant named `Length` found for enum `Instruction`
   --> tests/rich_values.rs:337:26
    |
337 |             Instruction::Length { dst: 7, object: 5 },
    |                          ^^^^^^ variant not found in `Instruction`

error[E0599]: no variant, associated function, or constant named `SmallInt` found for enum `Value` in the current scope
   --> tests/rich_values.rs:357:30
    |
357 |     assert_eq!(value, Value::SmallInt(13));
    |                              ^^^^^^^^ variant, associated function, or constant not found in `Value`

error[E0599]: no variant named `ConstSmallInt` found for enum `Instruction`
   --> tests/rich_values.rs:366:26
    |
366 |             Instruction::ConstSmallInt {
    |                          ^^^^^^^^^^^^^ variant not found in `Instruction`

error[E0599]: no variant named `ConstSmallInt` found for enum `Instruction`
   --> tests/rich_values.rs:370:26
    |
370 |             Instruction::ConstSmallInt { dst: 1, value: 1 },
    |                          ^^^^^^^^^^^^^ variant not found in `Instruction`

error[E0599]: no variant, associated function, or constant named `Multiply` found for enum `BinaryOperator` in the current scope
   --> tests/rich_values.rs:380:37
    |
380 |                 op: BinaryOperator::Multiply,
    |                                     ^^^^^^^^ variant, associated function, or constant not found in `BinaryOperator`

error[E0599]: no variant, associated function, or constant named `Subtract` found for enum `BinaryOperator` in the current scope
   --> tests/rich_values.rs:394:37
    |
394 |                 op: BinaryOperator::Subtract,
    |                                     ^^^^^^^^ variant, associated function, or constant not found in `BinaryOperator`

error[E0599]: no variant, associated function, or constant named `Object` found for enum `Value` in the current scope
   --> tests/rich_values.rs:409:16
    |
409 |     let Value::Object(reference) = value else {
    |                ^^^^^^ variant, associated function, or constant not found in `Value`

error[E0599]: no method named `object` found for struct `Vm` in the current scope
   --> tests/rich_values.rs:413:21
    |
413 |         matches!(vm.object(reference).unwrap(), Object::BigInt(value) if value.to_string() == "9223372036854775808")
    |                     ^^^^^^ method not found in `Vm`

Some errors have detailed explanations: E0432, E0599.
For more information about an error, try `rustc --explain E0432`.
error: could not compile `wustite` (test "rich_values") due to 63 previous errors

COMMAND_EXIT_STATUS: 101
