   Compiling wustite v0.1.0 (/home/entity27th/Wustite)
error[E0599]: no associated function or constant named `recursive_placeholder` found for struct `wvm::FunctionRuntime` in the current scope
   --> src/wvm.rs:284:42
    |
 43 | pub(super) struct FunctionRuntime {
    | --------------------------------- associated function or constant `recursive_placeholder` not found for this struct
...
284 |         let recursive = FunctionRuntime::recursive_placeholder(
    |                                          ^^^^^^^^^^^^^^^^^^^^^ associated function or constant not found in `wvm::FunctionRuntime`
    |
note: if you're trying to build a new `wvm::FunctionRuntime`, consider using `wvm::FunctionRuntime::new` which returns `wvm::FunctionRuntime`
   --> src/wvm.rs:51:5
    |
 51 |     fn new(executable: &ExecutableFunction) -> Self {
    |     ^^^^^^^^^^^^^^^^^^^^^^^^^^^^^^^^^^^^^^^^^^^^^^^

error[E0609]: no field `quick_code` on type `wvm::FunctionRuntime`
   --> src/wvm.rs:286:32
    |
286 |             Arc::clone(&active.quick_code),
    |                                ^^^^^^^^^^ unknown field
    |
    = note: available fields are: `profile`, `jit`, `constants`, `current_function`

error[E0609]: no field `quick_code` on type `wvm::FunctionRuntime`
   --> src/wvm.rs:290:37
    |
290 |         assert!(Arc::ptr_eq(&active.quick_code, &recursive.quick_code));
    |                                     ^^^^^^^^^^ unknown field
    |
    = note: available fields are: `profile`, `jit`, `constants`, `current_function`

error[E0609]: no field `quick_code` on type `wvm::FunctionRuntime`
   --> src/wvm.rs:291:38
    |
291 |         assert!(!Arc::ptr_eq(&active.quick_code, &independent.quick_code));
    |                                      ^^^^^^^^^^ unknown field
    |
    = note: available fields are: `profile`, `jit`, `constants`, `current_function`

error[E0609]: no field `quick_code` on type `wvm::FunctionRuntime`
   --> src/wvm.rs:291:63
    |
291 |         assert!(!Arc::ptr_eq(&active.quick_code, &independent.quick_code));
    |                                                               ^^^^^^^^^^ unknown field
    |
    = note: available fields are: `profile`, `jit`, `constants`, `current_function`

Some errors have detailed explanations: E0599, E0609.
For more information about an error, try `rustc --explain E0599`.
error: could not compile `wustite` (lib test) due to 5 previous errors
