    Finished `test` profile [unoptimized + debuginfo] target(s) in 0.12s
     Running unittests src/lib.rs (target/debug/deps/wustite-3e2fb775a82db8bc)

running 1 test
test wvm::tests::invalid_executable_builds_no_quick_runtime ... ok

test result: ok. 1 passed; 0 failed; 0 ignored; 0 measured; 8 filtered out; finished in 0.00s

warning: field `0` is never read
  --> src/wvm/quickening.rs:24:29
   |
24 | pub(super) struct QuickCode(Box<[Option<QuickInstruction>]>);
   |                   --------- ^^^^^^^^^^^^^^^^^^^^^^^^^^^^^^^
   |                   |
   |                   field in this struct
   |
   = help: consider removing this field
   = note: `#[warn(dead_code)]` (part of `#[warn(unused)]`) on by default

warning: enum `QuickOutcome` is never used
  --> src/wvm/quickening.rs:27:17
   |
27 | pub(super) enum QuickOutcome {
   |                 ^^^^^^^^^^^^

warning: function `execute_quick` is never used
  --> src/wvm/quickening.rs:32:15
   |
32 | pub(super) fn execute_quick(
   |               ^^^^^^^^^^^^^

warning: methods `len` and `get` are never used
   --> src/wvm/quickening.rs:105:19
    |
 57 | impl QuickCode {
    | -------------- methods in this implementation
...
105 |     pub(super) fn len(&self) -> usize {
    |                   ^^^
...
109 |     pub(super) fn get(&self, pc: usize) -> Option<QuickInstruction> {
    |                   ^^^

warning: `wustite` (lib) generated 4 warnings
    Finished `test` profile [unoptimized + debuginfo] target(s) in 0.10s
     Running tests/vm_sum.rs (target/debug/deps/vm_sum-2ae220d94879054f)

running 1 test
test invalid_executable_does_not_disturb_a_cached_runtime ... ok

test result: ok. 1 passed; 0 failed; 0 ignored; 0 measured; 9 filtered out; finished in 0.01s

