{
  "path": "tests/fixtures/rich_arguments.py",
  "function": "string_echo",
  "execution_mode": "interpreter",
  "hot_threshold": 1000,
  "runs": [
    {
      "index": 1,
      "value": {
        "type": "object",
        "value": {
          "kind": "string",
          "heap_id": 1,
          "slot": 0,
          "generation": 0
        }
      },
      "jit": {
        "compilation_attempts": 0,
        "compiled_regions": 0,
        "disabled_regions": 0,
        "native_executions": 0,
        "last_resume_pc": null,
        "last_exit_kind": null,
        "failures": []
      }
    }
  ]
}
